[INFO] Scanning for projects...
[WARNING] 
[WARNING] Some problems were encountered while building the effective model for de.campusplatform:campus-platform-service:jar:0.0.1-SNAPSHOT
[WARNING] 'dependencies.dependency.version' for com.resend:resend-java:jar is either LATEST or RELEASE (both of them are being deprecated) @ line 48, column 13
[WARNING] 
[WARNING] It is highly recommended to fix these problems because they threaten the stability of your build.
[WARNING] 
[WARNING] For this reason, future Maven versions might no longer support building such malformed projects.
[WARNING] 
[INFO] 
[INFO] -------------< de.campusplatform:campus-platform-service >--------------
[INFO] Building  0.0.1-SNAPSHOT
[INFO]   from pom.xml
[INFO] --------------------------------[ jar ]---------------------------------
[INFO] 
[INFO] --- clean:3.5.0:clean (default-clean) @ campus-platform-service ---
[INFO] Deleting C:\Users\phill\Documents\Uni software Projekt\campus-platform-service\target
[INFO] 
[INFO] --- resources:3.3.1:resources (default-resources) @ campus-platform-service ---
[INFO] Copying 3 resources from src\main\resources to target\classes
[INFO] Copying 0 resource from src\main\resources to target\classes
[INFO] 
[INFO] --- compiler:3.14.1:compile (default-compile) @ campus-platform-service ---
[INFO] Recompiling the module because of changed source code.
[INFO] Compiling 132 source files with javac [debug parameters release 21] to target\classes
[INFO] -------------------------------------------------------------
[ERROR] COMPILATION ERROR : 
[INFO] -------------------------------------------------------------
[ERROR] /C:/Users/phill/Documents/Uni software Projekt/campus-platform-service/src/main/java/de/campusplatform/campus_platform_service/dto/CourseDocumentResponse.java:[3,8] Klasse ExamDocumentResponse ist ÷ffentlich und muss in einer Datei namens ExamDocumentResponse.java deklariert werden
[ERROR] /C:/Users/phill/Documents/Uni software Projekt/campus-platform-service/src/main/java/de/campusplatform/campus_platform_service/enums/CourseDocumentType.java:[3,8] Enumeration ExamDocumentType ist ÷ffentlich und muss in einer Datei namens ExamDocumentType.java deklariert werden
[ERROR] /C:/Users/phill/Documents/Uni software Projekt/campus-platform-service/src/main/java/de/campusplatform/campus_platform_service/model/CourseDocument.java:[14,8] Klasse ExamDocument ist ÷ffentlich und muss in einer Datei namens ExamDocument.java deklariert werden
[ERROR] /C:/Users/phill/Documents/Uni software Projekt/campus-platform-service/src/main/java/de/campusplatform/campus_platform_service/repository/CourseDocumentRepository.java:[11,8] Schnittstelle ExamDocumentRepository ist ÷ffentlich und muss in einer Datei namens ExamDocumentRepository.java deklariert werden
[ERROR] /C:/Users/phill/Documents/Uni software Projekt/campus-platform-service/src/main/java/de/campusplatform/campus_platform_service/DataInitializer.java:[52,82] Symbol nicht gefunden
  Symbol: Methode builder()
  Ort: Klasse de.campusplatform.campus_platform_service.model.InstitutionInfo
[ERROR] /C:/Users/phill/Documents/Uni software Projekt/campus-platform-service/src/main/java/de/campusplatform/campus_platform_service/DataInitializer.java:[64,59] Symbol nicht gefunden
  Symbol: Methode builder()
  Ort: Klasse de.campusplatform.campus_platform_service.model.ExamType
[ERROR] /C:/Users/phill/Documents/Uni software Projekt/campus-platform-service/src/main/java/de/campusplatform/campus_platform_service/DataInitializer.java:[73,59] Symbol nicht gefunden
  Symbol: Methode builder()
  Ort: Klasse de.campusplatform.campus_platform_service.model.ExamType
[ERROR] /C:/Users/phill/Documents/Uni software Projekt/campus-platform-service/src/main/java/de/campusplatform/campus_platform_service/DataInitializer.java:[82,59] Symbol nicht gefunden
  Symbol: Methode builder()
  Ort: Klasse de.campusplatform.campus_platform_service.model.ExamType
[ERROR] /C:/Users/phill/Documents/Uni software Projekt/campus-platform-service/src/main/java/de/campusplatform/campus_platform_service/DataInitializer.java:[94,34] Symbol nicht gefunden
  Symbol: Methode builder()
  Ort: Klasse de.campusplatform.campus_platform_service.model.CourseOfStudy
[ERROR] /C:/Users/phill/Documents/Uni software Projekt/campus-platform-service/src/main/java/de/campusplatform/campus_platform_service/DataInitializer.java:[96,34] Symbol nicht gefunden
  Symbol: Methode builder()
  Ort: Klasse de.campusplatform.campus_platform_service.model.CourseOfStudy
[ERROR] /C:/Users/phill/Documents/Uni software Projekt/campus-platform-service/src/main/java/de/campusplatform/campus_platform_service/DataInitializer.java:[119,34] Symbol nicht gefunden
  Symbol: Methode builder()
  Ort: Klasse de.campusplatform.campus_platform_service.model.CourseOfStudy
[ERROR] /C:/Users/phill/Documents/Uni software Projekt/campus-platform-service/src/main/java/de/campusplatform/campus_platform_service/DataInitializer.java:[121,34] Symbol nicht gefunden
  Symbol: Methode builder()
  Ort: Klasse de.campusplatform.campus_platform_service.model.CourseOfStudy
[ERROR] /C:/Users/phill/Documents/Uni software Projekt/campus-platform-service/src/main/java/de/campusplatform/campus_platform_service/DataInitializer.java:[140,34] Symbol nicht gefunden
  Symbol: Methode builder()
  Ort: Klasse de.campusplatform.campus_platform_service.model.CourseOfStudy
[ERROR] /C:/Users/phill/Documents/Uni software Projekt/campus-platform-service/src/main/java/de/campusplatform/campus_platform_service/DataInitializer.java:[161,35] Symbol nicht gefunden
  Symbol: Methode getName()
  Ort: Variable s von Typ de.campusplatform.campus_platform_service.model.Specialization
[ERROR] /C:/Users/phill/Documents/Uni software Projekt/campus-platform-service/src/main/java/de/campusplatform/campus_platform_service/DataInitializer.java:[162,33] Symbol nicht gefunden
  Symbol: Methode getCourseOfStudy()
  Ort: Variable s von Typ de.campusplatform.campus_platform_service.model.Specialization
[ERROR] /C:/Users/phill/Documents/Uni software Projekt/campus-platform-service/src/main/java/de/campusplatform/campus_platform_service/DataInitializer.java:[162,78] Symbol nicht gefunden
  Symbol: Methode getId()
  Ort: Variable wiBachelor von Typ de.campusplatform.campus_platform_service.model.CourseOfStudy
[ERROR] /C:/Users/phill/Documents/Uni software Projekt/campus-platform-service/src/main/java/de/campusplatform/campus_platform_service/DataInitializer.java:[167,35] Symbol nicht gefunden
  Symbol: Methode getName()
  Ort: Variable s von Typ de.campusplatform.campus_platform_service.model.Specialization
[ERROR] /C:/Users/phill/Documents/Uni software Projekt/campus-platform-service/src/main/java/de/campusplatform/campus_platform_service/DataInitializer.java:[168,33] Symbol nicht gefunden
  Symbol: Methode getCourseOfStudy()
  Ort: Variable s von Typ de.campusplatform.campus_platform_service.model.Specialization
[ERROR] /C:/Users/phill/Documents/Uni software Projekt/campus-platform-service/src/main/java/de/campusplatform/campus_platform_service/DataInitializer.java:[168,78] Symbol nicht gefunden
  Symbol: Methode getId()
  Ort: Variable wiBachelor von Typ de.campusplatform.campus_platform_service.model.CourseOfStudy
[ERROR] /C:/Users/phill/Documents/Uni software Projekt/campus-platform-service/src/main/java/de/campusplatform/campus_platform_service/DataInitializer.java:[173,35] Symbol nicht gefunden
  Symbol: Methode getName()
  Ort: Variable s von Typ de.campusplatform.campus_platform_service.model.Specialization
[ERROR] /C:/Users/phill/Documents/Uni software Projekt/campus-platform-service/src/main/java/de/campusplatform/campus_platform_service/DataInitializer.java:[174,33] Symbol nicht gefunden
  Symbol: Methode getCourseOfStudy()
  Ort: Variable s von Typ de.campusplatform.campus_platform_service.model.Specialization
[ERROR] /C:/Users/phill/Documents/Uni software Projekt/campus-platform-service/src/main/java/de/campusplatform/campus_platform_service/DataInitializer.java:[174,78] Symbol nicht gefunden
  Symbol: Methode getId()
  Ort: Variable wiBachelor von Typ de.campusplatform.campus_platform_service.model.CourseOfStudy
[ERROR] /C:/Users/phill/Documents/Uni software Projekt/campus-platform-service/src/main/java/de/campusplatform/campus_platform_service/DataInitializer.java:[178,56] Symbol nicht gefunden
  Symbol: Methode builder()
  Ort: Klasse de.campusplatform.campus_platform_service.model.Module
[ERROR] /C:/Users/phill/Documents/Uni software Projekt/campus-platform-service/src/main/java/de/campusplatform/campus_platform_service/DataInitializer.java:[188,56] Symbol nicht gefunden
  Symbol: Methode builder()
  Ort: Klasse de.campusplatform.campus_platform_service.model.Module
[ERROR] /C:/Users/phill/Documents/Uni software Projekt/campus-platform-service/src/main/java/de/campusplatform/campus_platform_service/DataInitializer.java:[198,60] Symbol nicht gefunden
  Symbol: Methode builder()
  Ort: Klasse de.campusplatform.campus_platform_service.model.Module
[ERROR] /C:/Users/phill/Documents/Uni software Projekt/campus-platform-service/src/main/java/de/campusplatform/campus_platform_service/DataInitializer.java:[214,35] Symbol nicht gefunden
  Symbol: Methode builder()
  Ort: Klasse de.campusplatform.campus_platform_service.model.StudyGroup
[ERROR] /C:/Users/phill/Documents/Uni software Projekt/campus-platform-service/src/main/java/de/campusplatform/campus_platform_service/DataInitializer.java:[216,35] Symbol nicht gefunden
  Symbol: Methode builder()
  Ort: Klasse de.campusplatform.campus_platform_service.model.StudyGroup
[ERROR] /C:/Users/phill/Documents/Uni software Projekt/campus-platform-service/src/main/java/de/campusplatform/campus_platform_service/DataInitializer.java:[218,35] Symbol nicht gefunden
  Symbol: Methode builder()
  Ort: Klasse de.campusplatform.campus_platform_service.model.StudyGroup
[ERROR] /C:/Users/phill/Documents/Uni software Projekt/campus-platform-service/src/main/java/de/campusplatform/campus_platform_service/DataInitializer.java:[230,39] Symbol nicht gefunden
  Symbol: Methode getName()
  Ort: Variable g von Typ de.campusplatform.campus_platform_service.model.StudyGroup
[ERROR] /C:/Users/phill/Documents/Uni software Projekt/campus-platform-service/src/main/java/de/campusplatform/campus_platform_service/DataInitializer.java:[235,39] Symbol nicht gefunden
  Symbol: Methode getName()
  Ort: Variable g von Typ de.campusplatform.campus_platform_service.model.StudyGroup
[ERROR] /C:/Users/phill/Documents/Uni software Projekt/campus-platform-service/src/main/java/de/campusplatform/campus_platform_service/DataInitializer.java:[242,62] Symbol nicht gefunden
  Symbol: Methode builder()
  Ort: Klasse de.campusplatform.campus_platform_service.model.CourseSeries
[ERROR] /C:/Users/phill/Documents/Uni software Projekt/campus-platform-service/src/main/java/de/campusplatform/campus_platform_service/DataInitializer.java:[252,67] Symbol nicht gefunden
  Symbol: Methode builder()
  Ort: Klasse de.campusplatform.campus_platform_service.model.CourseSeries
[ERROR] /C:/Users/phill/Documents/Uni software Projekt/campus-platform-service/src/main/java/de/campusplatform/campus_platform_service/DataInitializer.java:[262,66] Symbol nicht gefunden
  Symbol: Methode builder()
  Ort: Klasse de.campusplatform.campus_platform_service.model.CourseSeries
[ERROR] /C:/Users/phill/Documents/Uni software Projekt/campus-platform-service/src/main/java/de/campusplatform/campus_platform_service/DataInitializer.java:[278,63] Symbol nicht gefunden
  Symbol: Methode builder()
  Ort: Klasse de.campusplatform.campus_platform_service.model.CourseSeries
[ERROR] /C:/Users/phill/Documents/Uni software Projekt/campus-platform-service/src/main/java/de/campusplatform/campus_platform_service/DataInitializer.java:[289,59] Symbol nicht gefunden
  Symbol: Methode builder()
  Ort: Klasse de.campusplatform.campus_platform_service.model.CourseSeries
[ERROR] /C:/Users/phill/Documents/Uni software Projekt/campus-platform-service/src/main/java/de/campusplatform/campus_platform_service/DataInitializer.java:[300,60] Symbol nicht gefunden
  Symbol: Methode builder()
  Ort: Klasse de.campusplatform.campus_platform_service.model.CourseSeries
[ERROR] /C:/Users/phill/Documents/Uni software Projekt/campus-platform-service/src/main/java/de/campusplatform/campus_platform_service/DataInitializer.java:[311,66] Symbol nicht gefunden
  Symbol: Methode builder()
  Ort: Klasse de.campusplatform.campus_platform_service.model.CourseSeries
[ERROR] /C:/Users/phill/Documents/Uni software Projekt/campus-platform-service/src/main/java/de/campusplatform/campus_platform_service/DataInitializer.java:[322,58] Symbol nicht gefunden
  Symbol: Methode builder()
  Ort: Klasse de.campusplatform.campus_platform_service.model.CourseSeries
[ERROR] /C:/Users/phill/Documents/Uni software Projekt/campus-platform-service/src/main/java/de/campusplatform/campus_platform_service/DataInitializer.java:[333,57] Symbol nicht gefunden
  Symbol: Methode builder()
  Ort: Klasse de.campusplatform.campus_platform_service.model.CourseSeries
[ERROR] /C:/Users/phill/Documents/Uni software Projekt/campus-platform-service/src/main/java/de/campusplatform/campus_platform_service/DataInitializer.java:[345,58] Symbol nicht gefunden
  Symbol: Methode builder()
  Ort: Klasse de.campusplatform.campus_platform_service.model.CourseSeries
[ERROR] /C:/Users/phill/Documents/Uni software Projekt/campus-platform-service/src/main/java/de/campusplatform/campus_platform_service/DataInitializer.java:[374,61] Symbol nicht gefunden
  Symbol: Methode getSubmissionStartDate()
  Ort: Variable series von Typ de.campusplatform.campus_platform_service.model.CourseSeries
[ERROR] /C:/Users/phill/Documents/Uni software Projekt/campus-platform-service/src/main/java/de/campusplatform/campus_platform_service/DataInitializer.java:[386,49] Symbol nicht gefunden
  Symbol: Methode getModule()
  Ort: Variable series von Typ de.campusplatform.campus_platform_service.model.CourseSeries
[ERROR] /C:/Users/phill/Documents/Uni software Projekt/campus-platform-service/src/main/java/de/campusplatform/campus_platform_service/DataInitializer.java:[383,55] Symbol nicht gefunden
  Symbol: Methode builder()
  Ort: Klasse de.campusplatform.campus_platform_service.model.Event
[ERROR] /C:/Users/phill/Documents/Uni software Projekt/campus-platform-service/src/main/java/de/campusplatform/campus_platform_service/DataInitializer.java:[396,39] Symbol nicht gefunden
  Symbol: Methode getRole()
  Ort: Variable u von Typ de.campusplatform.campus_platform_service.model.AppUser
[ERROR] /C:/Users/phill/Documents/Uni software Projekt/campus-platform-service/src/main/java/de/campusplatform/campus_platform_service/DataInitializer.java:[397,76] Symbol nicht gefunden
  Symbol: Methode getEmail()
  Ort: Variable u von Typ de.campusplatform.campus_platform_service.model.AppUser
[ERROR] /C:/Users/phill/Documents/Uni software Projekt/campus-platform-service/src/main/java/de/campusplatform/campus_platform_service/DataInitializer.java:[402,107] Symbol nicht gefunden
  Symbol: Methode builder()
  Ort: Klasse de.campusplatform.campus_platform_service.model.StudentCourseSubmission
[ERROR] /C:/Users/phill/Documents/Uni software Projekt/campus-platform-service/src/main/java/de/campusplatform/campus_platform_service/DataInitializer.java:[409,73] Symbol nicht gefunden
  Symbol: Methode builder()
  Ort: Klasse de.campusplatform.campus_platform_service.model.SubmissionDocument
[ERROR] /C:/Users/phill/Documents/Uni software Projekt/campus-platform-service/src/main/java/de/campusplatform/campus_platform_service/DataInitializer.java:[471,65] Symbol nicht gefunden
  Symbol: Methode getUniversityName()
  Ort: Variable glCampus von Typ de.campusplatform.campus_platform_service.model.InstitutionInfo
[ERROR] /C:/Users/phill/Documents/Uni software Projekt/campus-platform-service/src/main/java/de/campusplatform/campus_platform_service/DataInitializer.java:[471,103] Symbol nicht gefunden
  Symbol: Methode getCity()
  Ort: Variable glCampus von Typ de.campusplatform.campus_platform_service.model.InstitutionInfo
[ERROR] /C:/Users/phill/Documents/Uni software Projekt/campus-platform-service/src/main/java/de/campusplatform/campus_platform_service/DataInitializer.java:[484,43] Symbol nicht gefunden
  Symbol: Methode builder()
  Ort: Klasse de.campusplatform.campus_platform_service.model.AppUser
[ERROR] /C:/Users/phill/Documents/Uni software Projekt/campus-platform-service/src/main/java/de/campusplatform/campus_platform_service/DataInitializer.java:[501,37] Symbol nicht gefunden
  Symbol: Methode builder()
  Ort: Klasse de.campusplatform.campus_platform_service.model.ModuleLecturer
[ERROR] /C:/Users/phill/Documents/Uni software Projekt/campus-platform-service/src/main/java/de/campusplatform/campus_platform_service/DataInitializer.java:[507,15] Symbol nicht gefunden
  Symbol: Methode setQualifiedLecturers(java.util.Set<de.campusplatform.campus_platform_service.model.ModuleLecturer>)
  Ort: Variable module von Typ de.campusplatform.campus_platform_service.model.Module
[ERROR] /C:/Users/phill/Documents/Uni software Projekt/campus-platform-service/src/main/java/de/campusplatform/campus_platform_service/DataInitializer.java:[514,36] Symbol nicht gefunden
  Symbol: Methode getSpecialization()
  Ort: Variable group von Typ de.campusplatform.campus_platform_service.model.StudyGroup
[ERROR] /C:/Users/phill/Documents/Uni software Projekt/campus-platform-service/src/main/java/de/campusplatform/campus_platform_service/DataInitializer.java:[518,35] Symbol nicht gefunden
  Symbol: Methode builder()
  Ort: Klasse de.campusplatform.campus_platform_service.model.AppUser
[ERROR] /C:/Users/phill/Documents/Uni software Projekt/campus-platform-service/src/main/java/de/campusplatform/campus_platform_service/DataInitializer.java:[531,52] Symbol nicht gefunden
  Symbol: Methode builder()
  Ort: Klasse de.campusplatform.campus_platform_service.model.StudentProfile
[ERROR] /C:/Users/phill/Documents/Uni software Projekt/campus-platform-service/src/main/java/de/campusplatform/campus_platform_service/DataInitializer.java:[536,42] Symbol nicht gefunden
  Symbol: Methode getSpecialization()
  Ort: Variable group von Typ de.campusplatform.campus_platform_service.model.StudyGroup
[ERROR] /C:/Users/phill/Documents/Uni software Projekt/campus-platform-service/src/main/java/de/campusplatform/campus_platform_service/DataInitializer.java:[540,17] Symbol nicht gefunden
  Symbol: Methode setStudentProfile(de.campusplatform.campus_platform_service.model.StudentProfile)
  Ort: Variable user von Typ de.campusplatform.campus_platform_service.model.AppUser
[ERROR] /C:/Users/phill/Documents/Uni software Projekt/campus-platform-service/src/main/java/de/campusplatform/campus_platform_service/DataInitializer.java:[543,59] Symbol nicht gefunden
  Symbol: Methode builder()
  Ort: Klasse de.campusplatform.campus_platform_service.model.StudyGroupMembership
[ERROR] /C:/Users/phill/Documents/Uni software Projekt/campus-platform-service/src/main/java/de/campusplatform/campus_platform_service/DataInitializer.java:[557,31] Symbol nicht gefunden
  Symbol: Methode builder()
  Ort: Klasse de.campusplatform.campus_platform_service.model.AppUser
[ERROR] /C:/Users/phill/Documents/Uni software Projekt/campus-platform-service/src/main/java/de/campusplatform/campus_platform_service/DataInitializer.java:[570,48] Symbol nicht gefunden
  Symbol: Methode builder()
  Ort: Klasse de.campusplatform.campus_platform_service.model.StudentProfile
[ERROR] /C:/Users/phill/Documents/Uni software Projekt/campus-platform-service/src/main/java/de/campusplatform/campus_platform_service/DataInitializer.java:[575,38] Symbol nicht gefunden
  Symbol: Methode getSpecialization()
  Ort: Variable group von Typ de.campusplatform.campus_platform_service.model.StudyGroup
[ERROR] /C:/Users/phill/Documents/Uni software Projekt/campus-platform-service/src/main/java/de/campusplatform/campus_platform_service/DataInitializer.java:[579,13] Symbol nicht gefunden
  Symbol: Methode setStudentProfile(de.campusplatform.campus_platform_service.model.StudentProfile)
  Ort: Variable user von Typ de.campusplatform.campus_platform_service.model.AppUser
[ERROR] /C:/Users/phill/Documents/Uni software Projekt/campus-platform-service/src/main/java/de/campusplatform/campus_platform_service/DataInitializer.java:[582,55] Symbol nicht gefunden
  Symbol: Methode builder()
  Ort: Klasse de.campusplatform.campus_platform_service.model.StudyGroupMembership
[ERROR] /C:/Users/phill/Documents/Uni software Projekt/campus-platform-service/src/main/java/de/campusplatform/campus_platform_service/DataInitializer.java:[590,57] Symbol nicht gefunden
  Symbol: Methode builder()
  Ort: Klasse de.campusplatform.campus_platform_service.model.Specialization
[ERROR] /C:/Users/phill/Documents/Uni software Projekt/campus-platform-service/src/main/java/de/campusplatform/campus_platform_service/DataInitializer.java:[598,58] Symbol nicht gefunden
  Symbol: Methode builder()
  Ort: Klasse de.campusplatform.campus_platform_service.model.StudentCourseSubmission
[ERROR] /C:/Users/phill/Documents/Uni software Projekt/campus-platform-service/src/main/java/de/campusplatform/campus_platform_service/DataInitializer.java:[609,95] Symbol nicht gefunden
  Symbol: Methode builder()
  Ort: Klasse de.campusplatform.campus_platform_service.model.StudentCourseSubmission
[ERROR] /C:/Users/phill/Documents/Uni software Projekt/campus-platform-service/src/main/java/de/campusplatform/campus_platform_service/DataInitializer.java:[615,61] Symbol nicht gefunden
  Symbol: Methode builder()
  Ort: Klasse de.campusplatform.campus_platform_service.model.SubmissionDocument
[ERROR] /C:/Users/phill/Documents/Uni software Projekt/campus-platform-service/src/main/java/de/campusplatform/campus_platform_service/DataInitializer.java:[629,95] Symbol nicht gefunden
  Symbol: Methode builder()
  Ort: Klasse de.campusplatform.campus_platform_service.model.StudentCourseSubmission
[ERROR] /C:/Users/phill/Documents/Uni software Projekt/campus-platform-service/src/main/java/de/campusplatform/campus_platform_service/DataInitializer.java:[636,61] Symbol nicht gefunden
  Symbol: Methode builder()
  Ort: Klasse de.campusplatform.campus_platform_service.model.SubmissionDocument
[ERROR] /C:/Users/phill/Documents/Uni software Projekt/campus-platform-service/src/main/java/de/campusplatform/campus_platform_service/DataInitializer.java:[653,95] Symbol nicht gefunden
  Symbol: Methode builder()
  Ort: Klasse de.campusplatform.campus_platform_service.model.StudentCourseSubmission
[ERROR] /C:/Users/phill/Documents/Uni software Projekt/campus-platform-service/src/main/java/de/campusplatform/campus_platform_service/DataInitializer.java:[663,61] Symbol nicht gefunden
  Symbol: Methode builder()
  Ort: Klasse de.campusplatform.campus_platform_service.model.SubmissionDocument
[ERROR] /C:/Users/phill/Documents/Uni software Projekt/campus-platform-service/src/main/java/de/campusplatform/campus_platform_service/DataInitializer.java:[678,23] Symbol nicht gefunden
  Symbol: Methode builder()
  Ort: Klasse de.campusplatform.campus_platform_service.model.Faq
[ERROR] /C:/Users/phill/Documents/Uni software Projekt/campus-platform-service/src/main/java/de/campusplatform/campus_platform_service/DataInitializer.java:[682,13] Symbol nicht gefunden
  Symbol: Methode getTranslations()
  Ort: Variable faq1 von Typ de.campusplatform.campus_platform_service.model.Faq
[ERROR] /C:/Users/phill/Documents/Uni software Projekt/campus-platform-service/src/main/java/de/campusplatform/campus_platform_service/DataInitializer.java:[682,50] Symbol nicht gefunden
  Symbol: Methode builder()
  Ort: Klasse de.campusplatform.campus_platform_service.model.FaqTranslation
[ERROR] /C:/Users/phill/Documents/Uni software Projekt/campus-platform-service/src/main/java/de/campusplatform/campus_platform_service/DataInitializer.java:[689,13] Symbol nicht gefunden
  Symbol: Methode getTranslations()
  Ort: Variable faq1 von Typ de.campusplatform.campus_platform_service.model.Faq
[ERROR] /C:/Users/phill/Documents/Uni software Projekt/campus-platform-service/src/main/java/de/campusplatform/campus_platform_service/DataInitializer.java:[689,50] Symbol nicht gefunden
  Symbol: Methode builder()
  Ort: Klasse de.campusplatform.campus_platform_service.model.FaqTranslation
[ERROR] /C:/Users/phill/Documents/Uni software Projekt/campus-platform-service/src/main/java/de/campusplatform/campus_platform_service/DataInitializer.java:[698,23] Symbol nicht gefunden
  Symbol: Methode builder()
  Ort: Klasse de.campusplatform.campus_platform_service.model.Faq
[ERROR] /C:/Users/phill/Documents/Uni software Projekt/campus-platform-service/src/main/java/de/campusplatform/campus_platform_service/DataInitializer.java:[702,13] Symbol nicht gefunden
  Symbol: Methode getTranslations()
  Ort: Variable faq2 von Typ de.campusplatform.campus_platform_service.model.Faq
[ERROR] /C:/Users/phill/Documents/Uni software Projekt/campus-platform-service/src/main/java/de/campusplatform/campus_platform_service/DataInitializer.java:[702,50] Symbol nicht gefunden
  Symbol: Methode builder()
  Ort: Klasse de.campusplatform.campus_platform_service.model.FaqTranslation
[ERROR] /C:/Users/phill/Documents/Uni software Projekt/campus-platform-service/src/main/java/de/campusplatform/campus_platform_service/DataInitializer.java:[709,13] Symbol nicht gefunden
  Symbol: Methode getTranslations()
  Ort: Variable faq2 von Typ de.campusplatform.campus_platform_service.model.Faq
[ERROR] /C:/Users/phill/Documents/Uni software Projekt/campus-platform-service/src/main/java/de/campusplatform/campus_platform_service/DataInitializer.java:[709,50] Symbol nicht gefunden
  Symbol: Methode builder()
  Ort: Klasse de.campusplatform.campus_platform_service.model.FaqTranslation
[ERROR] /C:/Users/phill/Documents/Uni software Projekt/campus-platform-service/src/main/java/de/campusplatform/campus_platform_service/DataInitializer.java:[718,23] Symbol nicht gefunden
  Symbol: Methode builder()
  Ort: Klasse de.campusplatform.campus_platform_service.model.Faq
[ERROR] /C:/Users/phill/Documents/Uni software Projekt/campus-platform-service/src/main/java/de/campusplatform/campus_platform_service/DataInitializer.java:[722,13] Symbol nicht gefunden
  Symbol: Methode getTranslations()
  Ort: Variable faq3 von Typ de.campusplatform.campus_platform_service.model.Faq
[ERROR] /C:/Users/phill/Documents/Uni software Projekt/campus-platform-service/src/main/java/de/campusplatform/campus_platform_service/DataInitializer.java:[722,50] Symbol nicht gefunden
  Symbol: Methode builder()
  Ort: Klasse de.campusplatform.campus_platform_service.model.FaqTranslation
[ERROR] /C:/Users/phill/Documents/Uni software Projekt/campus-platform-service/src/main/java/de/campusplatform/campus_platform_service/DataInitializer.java:[729,13] Symbol nicht gefunden
  Symbol: Methode getTranslations()
  Ort: Variable faq3 von Typ de.campusplatform.campus_platform_service.model.Faq
[ERROR] /C:/Users/phill/Documents/Uni software Projekt/campus-platform-service/src/main/java/de/campusplatform/campus_platform_service/DataInitializer.java:[729,50] Symbol nicht gefunden
  Symbol: Methode builder()
  Ort: Klasse de.campusplatform.campus_platform_service.model.FaqTranslation
[ERROR] /C:/Users/phill/Documents/Uni software Projekt/campus-platform-service/src/main/java/de/campusplatform/campus_platform_service/DataInitializer.java:[738,23] Symbol nicht gefunden
  Symbol: Methode builder()
  Ort: Klasse de.campusplatform.campus_platform_service.model.Faq
[ERROR] /C:/Users/phill/Documents/Uni software Projekt/campus-platform-service/src/main/java/de/campusplatform/campus_platform_service/DataInitializer.java:[742,13] Symbol nicht gefunden
  Symbol: Methode getTranslations()
  Ort: Variable faq4 von Typ de.campusplatform.campus_platform_service.model.Faq
[ERROR] /C:/Users/phill/Documents/Uni software Projekt/campus-platform-service/src/main/java/de/campusplatform/campus_platform_service/DataInitializer.java:[742,50] Symbol nicht gefunden
  Symbol: Methode builder()
  Ort: Klasse de.campusplatform.campus_platform_service.model.FaqTranslation
[ERROR] /C:/Users/phill/Documents/Uni software Projekt/campus-platform-service/src/main/java/de/campusplatform/campus_platform_service/DataInitializer.java:[749,13] Symbol nicht gefunden
  Symbol: Methode getTranslations()
  Ort: Variable faq4 von Typ de.campusplatform.campus_platform_service.model.Faq
[ERROR] /C:/Users/phill/Documents/Uni software Projekt/campus-platform-service/src/main/java/de/campusplatform/campus_platform_service/DataInitializer.java:[749,50] Symbol nicht gefunden
  Symbol: Methode builder()
  Ort: Klasse de.campusplatform.campus_platform_service.model.FaqTranslation
[ERROR] /C:/Users/phill/Documents/Uni software Projekt/campus-platform-service/src/main/java/de/campusplatform/campus_platform_service/DataInitializer.java:[758,23] Symbol nicht gefunden
  Symbol: Methode builder()
  Ort: Klasse de.campusplatform.campus_platform_service.model.Faq
[ERROR] /C:/Users/phill/Documents/Uni software Projekt/campus-platform-service/src/main/java/de/campusplatform/campus_platform_service/DataInitializer.java:[762,13] Symbol nicht gefunden
  Symbol: Methode getTranslations()
  Ort: Variable faq5 von Typ de.campusplatform.campus_platform_service.model.Faq
[ERROR] /C:/Users/phill/Documents/Uni software Projekt/campus-platform-service/src/main/java/de/campusplatform/campus_platform_service/DataInitializer.java:[762,50] Symbol nicht gefunden
  Symbol: Methode builder()
  Ort: Klasse de.campusplatform.campus_platform_service.model.FaqTranslation
[ERROR] /C:/Users/phill/Documents/Uni software Projekt/campus-platform-service/src/main/java/de/campusplatform/campus_platform_service/DataInitializer.java:[769,13] Symbol nicht gefunden
  Symbol: Methode getTranslations()
  Ort: Variable faq5 von Typ de.campusplatform.campus_platform_service.model.Faq
[ERROR] /C:/Users/phill/Documents/Uni software Projekt/campus-platform-service/src/main/java/de/campusplatform/campus_platform_service/DataInitializer.java:[769,50] Symbol nicht gefunden
  Symbol: Methode builder()
  Ort: Klasse de.campusplatform.campus_platform_service.model.FaqTranslation
[ERROR] /C:/Users/phill/Documents/Uni software Projekt/campus-platform-service/src/main/java/de/campusplatform/campus_platform_service/EmailTemplateInitializer.java:[21,20] Symbol nicht gefunden
  Symbol: Methode setUniversityName(java.lang.String)
  Ort: Variable newInfo von Typ de.campusplatform.campus_platform_service.model.InstitutionInfo
[ERROR] /C:/Users/phill/Documents/Uni software Projekt/campus-platform-service/src/main/java/de/campusplatform/campus_platform_service/EmailTemplateInitializer.java:[28,25] Symbol nicht gefunden
  Symbol: Methode getInvitationEmailSubjectDe()
  Ort: Variable info von Typ de.campusplatform.campus_platform_service.model.InstitutionInfo
[ERROR] /C:/Users/phill/Documents/Uni software Projekt/campus-platform-service/src/main/java/de/campusplatform/campus_platform_service/EmailTemplateInitializer.java:[29,17] Symbol nicht gefunden
  Symbol: Methode setInvitationEmailSubjectDe(java.lang.String)
  Ort: Variable info von Typ de.campusplatform.campus_platform_service.model.InstitutionInfo
[ERROR] /C:/Users/phill/Documents/Uni software Projekt/campus-platform-service/src/main/java/de/campusplatform/campus_platform_service/EmailTemplateInitializer.java:[32,25] Symbol nicht gefunden
  Symbol: Methode getInvitationEmailBodyDe()
  Ort: Variable info von Typ de.campusplatform.campus_platform_service.model.InstitutionInfo
[INFO] 100 errors 
[INFO] -------------------------------------------------------------
[INFO] ------------------------------------------------------------------------
[INFO] BUILD FAILURE
[INFO] ------------------------------------------------------------------------
[INFO] Total time:  4.001 s
[INFO] Finished at: 2026-04-14T11:11:44+02:00
[INFO] ------------------------------------------------------------------------
[ERROR] Failed to execute goal org.apache.maven.plugins:maven-compiler-plugin:3.14.1:compile (default-compile) on project campus-platform-service: Compilation failure: Compilation failure: 
[ERROR] /C:/Users/phill/Documents/Uni software Projekt/campus-platform-service/src/main/java/de/campusplatform/campus_platform_service/dto/CourseDocumentResponse.java:[3,8] Klasse ExamDocumentResponse ist ÷ffentlich und muss in einer Datei namens ExamDocumentResponse.java deklariert werden
[ERROR] /C:/Users/phill/Documents/Uni software Projekt/campus-platform-service/src/main/java/de/campusplatform/campus_platform_service/enums/CourseDocumentType.java:[3,8] Enumeration ExamDocumentType ist ÷ffentlich und muss in einer Datei namens ExamDocumentType.java deklariert werden
[ERROR] /C:/Users/phill/Documents/Uni software Projekt/campus-platform-service/src/main/java/de/campusplatform/campus_platform_service/model/CourseDocument.java:[14,8] Klasse ExamDocument ist ÷ffentlich und muss in einer Datei namens ExamDocument.java deklariert werden
[ERROR] /C:/Users/phill/Documents/Uni software Projekt/campus-platform-service/src/main/java/de/campusplatform/campus_platform_service/repository/CourseDocumentRepository.java:[11,8] Schnittstelle ExamDocumentRepository ist ÷ffentlich und muss in einer Datei namens ExamDocumentRepository.java deklariert werden
[ERROR] /C:/Users/phill/Documents/Uni software Projekt/campus-platform-service/src/main/java/de/campusplatform/campus_platform_service/DataInitializer.java:[52,82] Symbol nicht gefunden
[ERROR]   Symbol: Methode builder()
[ERROR]   Ort: Klasse de.campusplatform.campus_platform_service.model.InstitutionInfo
[ERROR] /C:/Users/phill/Documents/Uni software Projekt/campus-platform-service/src/main/java/de/campusplatform/campus_platform_service/DataInitializer.java:[64,59] Symbol nicht gefunden
[ERROR]   Symbol: Methode builder()
[ERROR]   Ort: Klasse de.campusplatform.campus_platform_service.model.ExamType
[ERROR] /C:/Users/phill/Documents/Uni software Projekt/campus-platform-service/src/main/java/de/campusplatform/campus_platform_service/DataInitializer.java:[73,59] Symbol nicht gefunden
[ERROR]   Symbol: Methode builder()
[ERROR]   Ort: Klasse de.campusplatform.campus_platform_service.model.ExamType
[ERROR] /C:/Users/phill/Documents/Uni software Projekt/campus-platform-service/src/main/java/de/campusplatform/campus_platform_service/DataInitializer.java:[82,59] Symbol nicht gefunden
[ERROR]   Symbol: Methode builder()
[ERROR]   Ort: Klasse de.campusplatform.campus_platform_service.model.ExamType
[ERROR] /C:/Users/phill/Documents/Uni software Projekt/campus-platform-service/src/main/java/de/campusplatform/campus_platform_service/DataInitializer.java:[94,34] Symbol nicht gefunden
[ERROR]   Symbol: Methode builder()
[ERROR]   Ort: Klasse de.campusplatform.campus_platform_service.model.CourseOfStudy
[ERROR] /C:/Users/phill/Documents/Uni software Projekt/campus-platform-service/src/main/java/de/campusplatform/campus_platform_service/DataInitializer.java:[96,34] Symbol nicht gefunden
[ERROR]   Symbol: Methode builder()
[ERROR]   Ort: Klasse de.campusplatform.campus_platform_service.model.CourseOfStudy
[ERROR] /C:/Users/phill/Documents/Uni software Projekt/campus-platform-service/src/main/java/de/campusplatform/campus_platform_service/DataInitializer.java:[119,34] Symbol nicht gefunden
[ERROR]   Symbol: Methode builder()
[ERROR]   Ort: Klasse de.campusplatform.campus_platform_service.model.CourseOfStudy
[ERROR] /C:/Users/phill/Documents/Uni software Projekt/campus-platform-service/src/main/java/de/campusplatform/campus_platform_service/DataInitializer.java:[121,34] Symbol nicht gefunden
[ERROR]   Symbol: Methode builder()
[ERROR]   Ort: Klasse de.campusplatform.campus_platform_service.model.CourseOfStudy
[ERROR] /C:/Users/phill/Documents/Uni software Projekt/campus-platform-service/src/main/java/de/campusplatform/campus_platform_service/DataInitializer.java:[140,34] Symbol nicht gefunden
[ERROR]   Symbol: Methode builder()
[ERROR]   Ort: Klasse de.campusplatform.campus_platform_service.model.CourseOfStudy
[ERROR] /C:/Users/phill/Documents/Uni software Projekt/campus-platform-service/src/main/java/de/campusplatform/campus_platform_service/DataInitializer.java:[161,35] Symbol nicht gefunden
[ERROR]   Symbol: Methode getName()
[ERROR]   Ort: Variable s von Typ de.campusplatform.campus_platform_service.model.Specialization
[ERROR] /C:/Users/phill/Documents/Uni software Projekt/campus-platform-service/src/main/java/de/campusplatform/campus_platform_service/DataInitializer.java:[162,33] Symbol nicht gefunden
[ERROR]   Symbol: Methode getCourseOfStudy()
[ERROR]   Ort: Variable s von Typ de.campusplatform.campus_platform_service.model.Specialization
[ERROR] /C:/Users/phill/Documents/Uni software Projekt/campus-platform-service/src/main/java/de/campusplatform/campus_platform_service/DataInitializer.java:[162,78] Symbol nicht gefunden
[ERROR]   Symbol: Methode getId()
[ERROR]   Ort: Variable wiBachelor von Typ de.campusplatform.campus_platform_service.model.CourseOfStudy
[ERROR] /C:/Users/phill/Documents/Uni software Projekt/campus-platform-service/src/main/java/de/campusplatform/campus_platform_service/DataInitializer.java:[167,35] Symbol nicht gefunden
[ERROR]   Symbol: Methode getName()
[ERROR]   Ort: Variable s von Typ de.campusplatform.campus_platform_service.model.Specialization
[ERROR] /C:/Users/phill/Documents/Uni software Projekt/campus-platform-service/src/main/java/de/campusplatform/campus_platform_service/DataInitializer.java:[168,33] Symbol nicht gefunden
[ERROR]   Symbol: Methode getCourseOfStudy()
[ERROR]   Ort: Variable s von Typ de.campusplatform.campus_platform_service.model.Specialization
[ERROR] /C:/Users/phill/Documents/Uni software Projekt/campus-platform-service/src/main/java/de/campusplatform/campus_platform_service/DataInitializer.java:[168,78] Symbol nicht gefunden
[ERROR]   Symbol: Methode getId()
[ERROR]   Ort: Variable wiBachelor von Typ de.campusplatform.campus_platform_service.model.CourseOfStudy
[ERROR] /C:/Users/phill/Documents/Uni software Projekt/campus-platform-service/src/main/java/de/campusplatform/campus_platform_service/DataInitializer.java:[173,35] Symbol nicht gefunden
[ERROR]   Symbol: Methode getName()
[ERROR]   Ort: Variable s von Typ de.campusplatform.campus_platform_service.model.Specialization
[ERROR] /C:/Users/phill/Documents/Uni software Projekt/campus-platform-service/src/main/java/de/campusplatform/campus_platform_service/DataInitializer.java:[174,33] Symbol nicht gefunden
[ERROR]   Symbol: Methode getCourseOfStudy()
[ERROR]   Ort: Variable s von Typ de.campusplatform.campus_platform_service.model.Specialization
[ERROR] /C:/Users/phill/Documents/Uni software Projekt/campus-platform-service/src/main/java/de/campusplatform/campus_platform_service/DataInitializer.java:[174,78] Symbol nicht gefunden
[ERROR]   Symbol: Methode getId()
[ERROR]   Ort: Variable wiBachelor von Typ de.campusplatform.campus_platform_service.model.CourseOfStudy
[ERROR] /C:/Users/phill/Documents/Uni software Projekt/campus-platform-service/src/main/java/de/campusplatform/campus_platform_service/DataInitializer.java:[178,56] Symbol nicht gefunden
[ERROR]   Symbol: Methode builder()
[ERROR]   Ort: Klasse de.campusplatform.campus_platform_service.model.Module
[ERROR] /C:/Users/phill/Documents/Uni software Projekt/campus-platform-service/src/main/java/de/campusplatform/campus_platform_service/DataInitializer.java:[188,56] Symbol nicht gefunden
[ERROR]   Symbol: Methode builder()
[ERROR]   Ort: Klasse de.campusplatform.campus_platform_service.model.Module
[ERROR] /C:/Users/phill/Documents/Uni software Projekt/campus-platform-service/src/main/java/de/campusplatform/campus_platform_service/DataInitializer.java:[198,60] Symbol nicht gefunden
[ERROR]   Symbol: Methode builder()
[ERROR]   Ort: Klasse de.campusplatform.campus_platform_service.model.Module
[ERROR] /C:/Users/phill/Documents/Uni software Projekt/campus-platform-service/src/main/java/de/campusplatform/campus_platform_service/DataInitializer.java:[214,35] Symbol nicht gefunden
[ERROR]   Symbol: Methode builder()
[ERROR]   Ort: Klasse de.campusplatform.campus_platform_service.model.StudyGroup
[ERROR] /C:/Users/phill/Documents/Uni software Projekt/campus-platform-service/src/main/java/de/campusplatform/campus_platform_service/DataInitializer.java:[216,35] Symbol nicht gefunden
[ERROR]   Symbol: Methode builder()
[ERROR]   Ort: Klasse de.campusplatform.campus_platform_service.model.StudyGroup
[ERROR] /C:/Users/phill/Documents/Uni software Projekt/campus-platform-service/src/main/java/de/campusplatform/campus_platform_service/DataInitializer.java:[218,35] Symbol nicht gefunden
[ERROR]   Symbol: Methode builder()
[ERROR]   Ort: Klasse de.campusplatform.campus_platform_service.model.StudyGroup
[ERROR] /C:/Users/phill/Documents/Uni software Projekt/campus-platform-service/src/main/java/de/campusplatform/campus_platform_service/DataInitializer.java:[230,39] Symbol nicht gefunden
[ERROR]   Symbol: Methode getName()
[ERROR]   Ort: Variable g von Typ de.campusplatform.campus_platform_service.model.StudyGroup
[ERROR] /C:/Users/phill/Documents/Uni software Projekt/campus-platform-service/src/main/java/de/campusplatform/campus_platform_service/DataInitializer.java:[235,39] Symbol nicht gefunden
[ERROR]   Symbol: Methode getName()
[ERROR]   Ort: Variable g von Typ de.campusplatform.campus_platform_service.model.StudyGroup
[ERROR] /C:/Users/phill/Documents/Uni software Projekt/campus-platform-service/src/main/java/de/campusplatform/campus_platform_service/DataInitializer.java:[242,62] Symbol nicht gefunden
[ERROR]   Symbol: Methode builder()
[ERROR]   Ort: Klasse de.campusplatform.campus_platform_service.model.CourseSeries
[ERROR] /C:/Users/phill/Documents/Uni software Projekt/campus-platform-service/src/main/java/de/campusplatform/campus_platform_service/DataInitializer.java:[252,67] Symbol nicht gefunden
[ERROR]   Symbol: Methode builder()
[ERROR]   Ort: Klasse de.campusplatform.campus_platform_service.model.CourseSeries
[ERROR] /C:/Users/phill/Documents/Uni software Projekt/campus-platform-service/src/main/java/de/campusplatform/campus_platform_service/DataInitializer.java:[262,66] Symbol nicht gefunden
[ERROR]   Symbol: Methode builder()
[ERROR]   Ort: Klasse de.campusplatform.campus_platform_service.model.CourseSeries
[ERROR] /C:/Users/phill/Documents/Uni software Projekt/campus-platform-service/src/main/java/de/campusplatform/campus_platform_service/DataInitializer.java:[278,63] Symbol nicht gefunden
[ERROR]   Symbol: Methode builder()
[ERROR]   Ort: Klasse de.campusplatform.campus_platform_service.model.CourseSeries
[ERROR] /C:/Users/phill/Documents/Uni software Projekt/campus-platform-service/src/main/java/de/campusplatform/campus_platform_service/DataInitializer.java:[289,59] Symbol nicht gefunden
[ERROR]   Symbol: Methode builder()
[ERROR]   Ort: Klasse de.campusplatform.campus_platform_service.model.CourseSeries
[ERROR] /C:/Users/phill/Documents/Uni software Projekt/campus-platform-service/src/main/java/de/campusplatform/campus_platform_service/DataInitializer.java:[300,60] Symbol nicht gefunden
[ERROR]   Symbol: Methode builder()
[ERROR]   Ort: Klasse de.campusplatform.campus_platform_service.model.CourseSeries
[ERROR] /C:/Users/phill/Documents/Uni software Projekt/campus-platform-service/src/main/java/de/campusplatform/campus_platform_service/DataInitializer.java:[311,66] Symbol nicht gefunden
[ERROR]   Symbol: Methode builder()
[ERROR]   Ort: Klasse de.campusplatform.campus_platform_service.model.CourseSeries
[ERROR] /C:/Users/phill/Documents/Uni software Projekt/campus-platform-service/src/main/java/de/campusplatform/campus_platform_service/DataInitializer.java:[322,58] Symbol nicht gefunden
[ERROR]   Symbol: Methode builder()
[ERROR]   Ort: Klasse de.campusplatform.campus_platform_service.model.CourseSeries
[ERROR] /C:/Users/phill/Documents/Uni software Projekt/campus-platform-service/src/main/java/de/campusplatform/campus_platform_service/DataInitializer.java:[333,57] Symbol nicht gefunden
[ERROR]   Symbol: Methode builder()
[ERROR]   Ort: Klasse de.campusplatform.campus_platform_service.model.CourseSeries
[ERROR] /C:/Users/phill/Documents/Uni software Projekt/campus-platform-service/src/main/java/de/campusplatform/campus_platform_service/DataInitializer.java:[345,58] Symbol nicht gefunden
[ERROR]   Symbol: Methode builder()
[ERROR]   Ort: Klasse de.campusplatform.campus_platform_service.model.CourseSeries
[ERROR] /C:/Users/phill/Documents/Uni software Projekt/campus-platform-service/src/main/java/de/campusplatform/campus_platform_service/DataInitializer.java:[374,61] Symbol nicht gefunden
[ERROR]   Symbol: Methode getSubmissionStartDate()
[ERROR]   Ort: Variable series von Typ de.campusplatform.campus_platform_service.model.CourseSeries
[ERROR] /C:/Users/phill/Documents/Uni software Projekt/campus-platform-service/src/main/java/de/campusplatform/campus_platform_service/DataInitializer.java:[386,49] Symbol nicht gefunden
[ERROR]   Symbol: Methode getModule()
[ERROR]   Ort: Variable series von Typ de.campusplatform.campus_platform_service.model.CourseSeries
[ERROR] /C:/Users/phill/Documents/Uni software Projekt/campus-platform-service/src/main/java/de/campusplatform/campus_platform_service/DataInitializer.java:[383,55] Symbol nicht gefunden
[ERROR]   Symbol: Methode builder()
[ERROR]   Ort: Klasse de.campusplatform.campus_platform_service.model.Event
[ERROR] /C:/Users/phill/Documents/Uni software Projekt/campus-platform-service/src/main/java/de/campusplatform/campus_platform_service/DataInitializer.java:[396,39] Symbol nicht gefunden
[ERROR]   Symbol: Methode getRole()
[ERROR]   Ort: Variable u von Typ de.campusplatform.campus_platform_service.model.AppUser
[ERROR] /C:/Users/phill/Documents/Uni software Projekt/campus-platform-service/src/main/java/de/campusplatform/campus_platform_service/DataInitializer.java:[397,76] Symbol nicht gefunden
[ERROR]   Symbol: Methode getEmail()
[ERROR]   Ort: Variable u von Typ de.campusplatform.campus_platform_service.model.AppUser
[ERROR] /C:/Users/phill/Documents/Uni software Projekt/campus-platform-service/src/main/java/de/campusplatform/campus_platform_service/DataInitializer.java:[402,107] Symbol nicht gefunden
[ERROR]   Symbol: Methode builder()
[ERROR]   Ort: Klasse de.campusplatform.campus_platform_service.model.StudentCourseSubmission
[ERROR] /C:/Users/phill/Documents/Uni software Projekt/campus-platform-service/src/main/java/de/campusplatform/campus_platform_service/DataInitializer.java:[409,73] Symbol nicht gefunden
[ERROR]   Symbol: Methode builder()
[ERROR]   Ort: Klasse de.campusplatform.campus_platform_service.model.SubmissionDocument
[ERROR] /C:/Users/phill/Documents/Uni software Projekt/campus-platform-service/src/main/java/de/campusplatform/campus_platform_service/DataInitializer.java:[471,65] Symbol nicht gefunden
[ERROR]   Symbol: Methode getUniversityName()
[ERROR]   Ort: Variable glCampus von Typ de.campusplatform.campus_platform_service.model.InstitutionInfo
[ERROR] /C:/Users/phill/Documents/Uni software Projekt/campus-platform-service/src/main/java/de/campusplatform/campus_platform_service/DataInitializer.java:[471,103] Symbol nicht gefunden
[ERROR]   Symbol: Methode getCity()
[ERROR]   Ort: Variable glCampus von Typ de.campusplatform.campus_platform_service.model.InstitutionInfo
[ERROR] /C:/Users/phill/Documents/Uni software Projekt/campus-platform-service/src/main/java/de/campusplatform/campus_platform_service/DataInitializer.java:[484,43] Symbol nicht gefunden
[ERROR]   Symbol: Methode builder()
[ERROR]   Ort: Klasse de.campusplatform.campus_platform_service.model.AppUser
[ERROR] /C:/Users/phill/Documents/Uni software Projekt/campus-platform-service/src/main/java/de/campusplatform/campus_platform_service/DataInitializer.java:[501,37] Symbol nicht gefunden
[ERROR]   Symbol: Methode builder()
[ERROR]   Ort: Klasse de.campusplatform.campus_platform_service.model.ModuleLecturer
[ERROR] /C:/Users/phill/Documents/Uni software Projekt/campus-platform-service/src/main/java/de/campusplatform/campus_platform_service/DataInitializer.java:[507,15] Symbol nicht gefunden
[ERROR]   Symbol: Methode setQualifiedLecturers(java.util.Set<de.campusplatform.campus_platform_service.model.ModuleLecturer>)
[ERROR]   Ort: Variable module von Typ de.campusplatform.campus_platform_service.model.Module
[ERROR] /C:/Users/phill/Documents/Uni software Projekt/campus-platform-service/src/main/java/de/campusplatform/campus_platform_service/DataInitializer.java:[514,36] Symbol nicht gefunden
[ERROR]   Symbol: Methode getSpecialization()
[ERROR]   Ort: Variable group von Typ de.campusplatform.campus_platform_service.model.StudyGroup
[ERROR] /C:/Users/phill/Documents/Uni software Projekt/campus-platform-service/src/main/java/de/campusplatform/campus_platform_service/DataInitializer.java:[518,35] Symbol nicht gefunden
[ERROR]   Symbol: Methode builder()
[ERROR]   Ort: Klasse de.campusplatform.campus_platform_service.model.AppUser
[ERROR] /C:/Users/phill/Documents/Uni software Projekt/campus-platform-service/src/main/java/de/campusplatform/campus_platform_service/DataInitializer.java:[531,52] Symbol nicht gefunden
[ERROR]   Symbol: Methode builder()
[ERROR]   Ort: Klasse de.campusplatform.campus_platform_service.model.StudentProfile
[ERROR] /C:/Users/phill/Documents/Uni software Projekt/campus-platform-service/src/main/java/de/campusplatform/campus_platform_service/DataInitializer.java:[536,42] Symbol nicht gefunden
[ERROR]   Symbol: Methode getSpecialization()
[ERROR]   Ort: Variable group von Typ de.campusplatform.campus_platform_service.model.StudyGroup
[ERROR] /C:/Users/phill/Documents/Uni software Projekt/campus-platform-service/src/main/java/de/campusplatform/campus_platform_service/DataInitializer.java:[540,17] Symbol nicht gefunden
[ERROR]   Symbol: Methode setStudentProfile(de.campusplatform.campus_platform_service.model.StudentProfile)
[ERROR]   Ort: Variable user von Typ de.campusplatform.campus_platform_service.model.AppUser
[ERROR] /C:/Users/phill/Documents/Uni software Projekt/campus-platform-service/src/main/java/de/campusplatform/campus_platform_service/DataInitializer.java:[543,59] Symbol nicht gefunden
[ERROR]   Symbol: Methode builder()
[ERROR]   Ort: Klasse de.campusplatform.campus_platform_service.model.StudyGroupMembership
[ERROR] /C:/Users/phill/Documents/Uni software Projekt/campus-platform-service/src/main/java/de/campusplatform/campus_platform_service/DataInitializer.java:[557,31] Symbol nicht gefunden
[ERROR]   Symbol: Methode builder()
[ERROR]   Ort: Klasse de.campusplatform.campus_platform_service.model.AppUser
[ERROR] /C:/Users/phill/Documents/Uni software Projekt/campus-platform-service/src/main/java/de/campusplatform/campus_platform_service/DataInitializer.java:[570,48] Symbol nicht gefunden
[ERROR]   Symbol: Methode builder()
[ERROR]   Ort: Klasse de.campusplatform.campus_platform_service.model.StudentProfile
[ERROR] /C:/Users/phill/Documents/Uni software Projekt/campus-platform-service/src/main/java/de/campusplatform/campus_platform_service/DataInitializer.java:[575,38] Symbol nicht gefunden
[ERROR]   Symbol: Methode getSpecialization()
[ERROR]   Ort: Variable group von Typ de.campusplatform.campus_platform_service.model.StudyGroup
[ERROR] /C:/Users/phill/Documents/Uni software Projekt/campus-platform-service/src/main/java/de/campusplatform/campus_platform_service/DataInitializer.java:[579,13] Symbol nicht gefunden
[ERROR]   Symbol: Methode setStudentProfile(de.campusplatform.campus_platform_service.model.StudentProfile)
[ERROR]   Ort: Variable user von Typ de.campusplatform.campus_platform_service.model.AppUser
[ERROR] /C:/Users/phill/Documents/Uni software Projekt/campus-platform-service/src/main/java/de/campusplatform/campus_platform_service/DataInitializer.java:[582,55] Symbol nicht gefunden
[ERROR]   Symbol: Methode builder()
[ERROR]   Ort: Klasse de.campusplatform.campus_platform_service.model.StudyGroupMembership
[ERROR] /C:/Users/phill/Documents/Uni software Projekt/campus-platform-service/src/main/java/de/campusplatform/campus_platform_service/DataInitializer.java:[590,57] Symbol nicht gefunden
[ERROR]   Symbol: Methode builder()
[ERROR]   Ort: Klasse de.campusplatform.campus_platform_service.model.Specialization
[ERROR] /C:/Users/phill/Documents/Uni software Projekt/campus-platform-service/src/main/java/de/campusplatform/campus_platform_service/DataInitializer.java:[598,58] Symbol nicht gefunden
[ERROR]   Symbol: Methode builder()
[ERROR]   Ort: Klasse de.campusplatform.campus_platform_service.model.StudentCourseSubmission
[ERROR] /C:/Users/phill/Documents/Uni software Projekt/campus-platform-service/src/main/java/de/campusplatform/campus_platform_service/DataInitializer.java:[609,95] Symbol nicht gefunden
[ERROR]   Symbol: Methode builder()
[ERROR]   Ort: Klasse de.campusplatform.campus_platform_service.model.StudentCourseSubmission
[ERROR] /C:/Users/phill/Documents/Uni software Projekt/campus-platform-service/src/main/java/de/campusplatform/campus_platform_service/DataInitializer.java:[615,61] Symbol nicht gefunden
[ERROR]   Symbol: Methode builder()
[ERROR]   Ort: Klasse de.campusplatform.campus_platform_service.model.SubmissionDocument
[ERROR] /C:/Users/phill/Documents/Uni software Projekt/campus-platform-service/src/main/java/de/campusplatform/campus_platform_service/DataInitializer.java:[629,95] Symbol nicht gefunden
[ERROR]   Symbol: Methode builder()
[ERROR]   Ort: Klasse de.campusplatform.campus_platform_service.model.StudentCourseSubmission
[ERROR] /C:/Users/phill/Documents/Uni software Projekt/campus-platform-service/src/main/java/de/campusplatform/campus_platform_service/DataInitializer.java:[636,61] Symbol nicht gefunden
[ERROR]   Symbol: Methode builder()
[ERROR]   Ort: Klasse de.campusplatform.campus_platform_service.model.SubmissionDocument
[ERROR] /C:/Users/phill/Documents/Uni software Projekt/campus-platform-service/src/main/java/de/campusplatform/campus_platform_service/DataInitializer.java:[653,95] Symbol nicht gefunden
[ERROR]   Symbol: Methode builder()
[ERROR]   Ort: Klasse de.campusplatform.campus_platform_service.model.StudentCourseSubmission
[ERROR] /C:/Users/phill/Documents/Uni software Projekt/campus-platform-service/src/main/java/de/campusplatform/campus_platform_service/DataInitializer.java:[663,61] Symbol nicht gefunden
[ERROR]   Symbol: Methode builder()
[ERROR]   Ort: Klasse de.campusplatform.campus_platform_service.model.SubmissionDocument
[ERROR] /C:/Users/phill/Documents/Uni software Projekt/campus-platform-service/src/main/java/de/campusplatform/campus_platform_service/DataInitializer.java:[678,23] Symbol nicht gefunden
[ERROR]   Symbol: Methode builder()
[ERROR]   Ort: Klasse de.campusplatform.campus_platform_service.model.Faq
[ERROR] /C:/Users/phill/Documents/Uni software Projekt/campus-platform-service/src/main/java/de/campusplatform/campus_platform_service/DataInitializer.java:[682,13] Symbol nicht gefunden
[ERROR]   Symbol: Methode getTranslations()
[ERROR]   Ort: Variable faq1 von Typ de.campusplatform.campus_platform_service.model.Faq
[ERROR] /C:/Users/phill/Documents/Uni software Projekt/campus-platform-service/src/main/java/de/campusplatform/campus_platform_service/DataInitializer.java:[682,50] Symbol nicht gefunden
[ERROR]   Symbol: Methode builder()
[ERROR]   Ort: Klasse de.campusplatform.campus_platform_service.model.FaqTranslation
[ERROR] /C:/Users/phill/Documents/Uni software Projekt/campus-platform-service/src/main/java/de/campusplatform/campus_platform_service/DataInitializer.java:[689,13] Symbol nicht gefunden
[ERROR]   Symbol: Methode getTranslations()
[ERROR]   Ort: Variable faq1 von Typ de.campusplatform.campus_platform_service.model.Faq
[ERROR] /C:/Users/phill/Documents/Uni software Projekt/campus-platform-service/src/main/java/de/campusplatform/campus_platform_service/DataInitializer.java:[689,50] Symbol nicht gefunden
[ERROR]   Symbol: Methode builder()
[ERROR]   Ort: Klasse de.campusplatform.campus_platform_service.model.FaqTranslation
[ERROR] /C:/Users/phill/Documents/Uni software Projekt/campus-platform-service/src/main/java/de/campusplatform/campus_platform_service/DataInitializer.java:[698,23] Symbol nicht gefunden
[ERROR]   Symbol: Methode builder()
[ERROR]   Ort: Klasse de.campusplatform.campus_platform_service.model.Faq
[ERROR] /C:/Users/phill/Documents/Uni software Projekt/campus-platform-service/src/main/java/de/campusplatform/campus_platform_service/DataInitializer.java:[702,13] Symbol nicht gefunden
[ERROR]   Symbol: Methode getTranslations()
[ERROR]   Ort: Variable faq2 von Typ de.campusplatform.campus_platform_service.model.Faq
[ERROR] /C:/Users/phill/Documents/Uni software Projekt/campus-platform-service/src/main/java/de/campusplatform/campus_platform_service/DataInitializer.java:[702,50] Symbol nicht gefunden
[ERROR]   Symbol: Methode builder()
[ERROR]   Ort: Klasse de.campusplatform.campus_platform_service.model.FaqTranslation
[ERROR] /C:/Users/phill/Documents/Uni software Projekt/campus-platform-service/src/main/java/de/campusplatform/campus_platform_service/DataInitializer.java:[709,13] Symbol nicht gefunden
[ERROR]   Symbol: Methode getTranslations()
[ERROR]   Ort: Variable faq2 von Typ de.campusplatform.campus_platform_service.model.Faq
[ERROR] /C:/Users/phill/Documents/Uni software Projekt/campus-platform-service/src/main/java/de/campusplatform/campus_platform_service/DataInitializer.java:[709,50] Symbol nicht gefunden
[ERROR]   Symbol: Methode builder()
[ERROR]   Ort: Klasse de.campusplatform.campus_platform_service.model.FaqTranslation
[ERROR] /C:/Users/phill/Documents/Uni software Projekt/campus-platform-service/src/main/java/de/campusplatform/campus_platform_service/DataInitializer.java:[718,23] Symbol nicht gefunden
[ERROR]   Symbol: Methode builder()
[ERROR]   Ort: Klasse de.campusplatform.campus_platform_service.model.Faq
[ERROR] /C:/Users/phill/Documents/Uni software Projekt/campus-platform-service/src/main/java/de/campusplatform/campus_platform_service/DataInitializer.java:[722,13] Symbol nicht gefunden
[ERROR]   Symbol: Methode getTranslations()
[ERROR]   Ort: Variable faq3 von Typ de.campusplatform.campus_platform_service.model.Faq
[ERROR] /C:/Users/phill/Documents/Uni software Projekt/campus-platform-service/src/main/java/de/campusplatform/campus_platform_service/DataInitializer.java:[722,50] Symbol nicht gefunden
[ERROR]   Symbol: Methode builder()
[ERROR]   Ort: Klasse de.campusplatform.campus_platform_service.model.FaqTranslation
[ERROR] /C:/Users/phill/Documents/Uni software Projekt/campus-platform-service/src/main/java/de/campusplatform/campus_platform_service/DataInitializer.java:[729,13] Symbol nicht gefunden
[ERROR]   Symbol: Methode getTranslations()
[ERROR]   Ort: Variable faq3 von Typ de.campusplatform.campus_platform_service.model.Faq
[ERROR] /C:/Users/phill/Documents/Uni software Projekt/campus-platform-service/src/main/java/de/campusplatform/campus_platform_service/DataInitializer.java:[729,50] Symbol nicht gefunden
[ERROR]   Symbol: Methode builder()
[ERROR]   Ort: Klasse de.campusplatform.campus_platform_service.model.FaqTranslation
[ERROR] /C:/Users/phill/Documents/Uni software Projekt/campus-platform-service/src/main/java/de/campusplatform/campus_platform_service/DataInitializer.java:[738,23] Symbol nicht gefunden
[ERROR]   Symbol: Methode builder()
[ERROR]   Ort: Klasse de.campusplatform.campus_platform_service.model.Faq
[ERROR] /C:/Users/phill/Documents/Uni software Projekt/campus-platform-service/src/main/java/de/campusplatform/campus_platform_service/DataInitializer.java:[742,13] Symbol nicht gefunden
[ERROR]   Symbol: Methode getTranslations()
[ERROR]   Ort: Variable faq4 von Typ de.campusplatform.campus_platform_service.model.Faq
[ERROR] /C:/Users/phill/Documents/Uni software Projekt/campus-platform-service/src/main/java/de/campusplatform/campus_platform_service/DataInitializer.java:[742,50] Symbol nicht gefunden
[ERROR]   Symbol: Methode builder()
[ERROR]   Ort: Klasse de.campusplatform.campus_platform_service.model.FaqTranslation
[ERROR] /C:/Users/phill/Documents/Uni software Projekt/campus-platform-service/src/main/java/de/campusplatform/campus_platform_service/DataInitializer.java:[749,13] Symbol nicht gefunden
[ERROR]   Symbol: Methode getTranslations()
[ERROR]   Ort: Variable faq4 von Typ de.campusplatform.campus_platform_service.model.Faq
[ERROR] /C:/Users/phill/Documents/Uni software Projekt/campus-platform-service/src/main/java/de/campusplatform/campus_platform_service/DataInitializer.java:[749,50] Symbol nicht gefunden
[ERROR]   Symbol: Methode builder()
[ERROR]   Ort: Klasse de.campusplatform.campus_platform_service.model.FaqTranslation
[ERROR] /C:/Users/phill/Documents/Uni software Projekt/campus-platform-service/src/main/java/de/campusplatform/campus_platform_service/DataInitializer.java:[758,23] Symbol nicht gefunden
[ERROR]   Symbol: Methode builder()
[ERROR]   Ort: Klasse de.campusplatform.campus_platform_service.model.Faq
[ERROR] /C:/Users/phill/Documents/Uni software Projekt/campus-platform-service/src/main/java/de/campusplatform/campus_platform_service/DataInitializer.java:[762,13] Symbol nicht gefunden
[ERROR]   Symbol: Methode getTranslations()
[ERROR]   Ort: Variable faq5 von Typ de.campusplatform.campus_platform_service.model.Faq
[ERROR] /C:/Users/phill/Documents/Uni software Projekt/campus-platform-service/src/main/java/de/campusplatform/campus_platform_service/DataInitializer.java:[762,50] Symbol nicht gefunden
[ERROR]   Symbol: Methode builder()
[ERROR]   Ort: Klasse de.campusplatform.campus_platform_service.model.FaqTranslation
[ERROR] /C:/Users/phill/Documents/Uni software Projekt/campus-platform-service/src/main/java/de/campusplatform/campus_platform_service/DataInitializer.java:[769,13] Symbol nicht gefunden
[ERROR]   Symbol: Methode getTranslations()
[ERROR]   Ort: Variable faq5 von Typ de.campusplatform.campus_platform_service.model.Faq
[ERROR] /C:/Users/phill/Documents/Uni software Projekt/campus-platform-service/src/main/java/de/campusplatform/campus_platform_service/DataInitializer.java:[769,50] Symbol nicht gefunden
[ERROR]   Symbol: Methode builder()
[ERROR]   Ort: Klasse de.campusplatform.campus_platform_service.model.FaqTranslation
[ERROR] /C:/Users/phill/Documents/Uni software Projekt/campus-platform-service/src/main/java/de/campusplatform/campus_platform_service/EmailTemplateInitializer.java:[21,20] Symbol nicht gefunden
[ERROR]   Symbol: Methode setUniversityName(java.lang.String)
[ERROR]   Ort: Variable newInfo von Typ de.campusplatform.campus_platform_service.model.InstitutionInfo
[ERROR] /C:/Users/phill/Documents/Uni software Projekt/campus-platform-service/src/main/java/de/campusplatform/campus_platform_service/EmailTemplateInitializer.java:[28,25] Symbol nicht gefunden
[ERROR]   Symbol: Methode getInvitationEmailSubjectDe()
[ERROR]   Ort: Variable info von Typ de.campusplatform.campus_platform_service.model.InstitutionInfo
[ERROR] /C:/Users/phill/Documents/Uni software Projekt/campus-platform-service/src/main/java/de/campusplatform/campus_platform_service/EmailTemplateInitializer.java:[29,17] Symbol nicht gefunden
[ERROR]   Symbol: Methode setInvitationEmailSubjectDe(java.lang.String)
[ERROR]   Ort: Variable info von Typ de.campusplatform.campus_platform_service.model.InstitutionInfo
[ERROR] /C:/Users/phill/Documents/Uni software Projekt/campus-platform-service/src/main/java/de/campusplatform/campus_platform_service/EmailTemplateInitializer.java:[32,25] Symbol nicht gefunden
[ERROR]   Symbol: Methode getInvitationEmailBodyDe()
[ERROR]   Ort: Variable info von Typ de.campusplatform.campus_platform_service.model.InstitutionInfo
[ERROR] -> [Help 1]
[ERROR] 
[ERROR] To see the full stack trace of the errors, re-run Maven with the -e switch.
[ERROR] Re-run Maven using the -X switch to enable full debug logging.
[ERROR] 
[ERROR] For more information about the errors and possible solutions, please read the following articles:
[ERROR] [Help 1] http://cwiki.apache.org/confluence/display/MAVEN/MojoFailureException
